---
source: src/lexer.rs
expression: result
snapshot_kind: text
---
[
    Token {
        kind: Plus,
        token: "+",
        offset: 0,
    },
    Token {
        kind: Minus,
        token: "-",
        offset: 2,
    },
    Token {
        kind: Star,
        token: "*",
        offset: 4,
    },
    Token {
        kind: Slash,
        token: "/",
        offset: 6,
    },
    Token {
        kind: Eq,
        token: "=",
        offset: 8,
    },
    Token {
        kind: Dot,
        token: ".",
        offset: 10,
    },
    Token {
        kind: Comma,
        token: ",",
        offset: 12,
    },
    Token {
        kind: Colon,
        token: ":",
        offset: 14,
    },
    Token {
        kind: Semicolon,
        token: ";",
        offset: 16,
    },
    Token {
        kind: Not,
        token: "!",
        offset: 18,
    },
    Token {
        kind: Tilde,
        token: "~",
        offset: 20,
    },
    Token {
        kind: And,
        token: "&",
        offset: 22,
    },
    Token {
        kind: Or,
        token: "|",
        offset: 24,
    },
    Token {
        kind: Percent,
        token: "%",
        offset: 26,
    },
    Token {
        kind: OpenBracket,
        token: "[",
        offset: 28,
    },
    Token {
        kind: CloseBracket,
        token: "]",
        offset: 30,
    },
    Token {
        kind: Eof,
        token: "",
        offset: 31,
    },
]
