---
source: src/lexer.rs
expression: result
snapshot_kind: text
---
[
    Token {
        kind: Literal(
            Decimal,
        ),
        token: "1234",
        offset: 0,
    },
    Token {
        kind: Literal(
            Hex,
        ),
        token: "0x9821",
        offset: 5,
    },
    Token {
        kind: Literal(
            Binary,
        ),
        token: "0b011",
        offset: 12,
    },
    Token {
        kind: Literal(
            Hex,
        ),
        token: "0xfe10",
        offset: 18,
    },
    Token {
        kind: Literal(
            Decimal,
        ),
        token: "100`000`000_1",
        offset: 25,
    },
    Token {
        kind: Eof,
        token: "",
        offset: 38,
    },
]
