---
source: src/lexer.rs
expression: result
snapshot_kind: text
---
[
    Token {
        kind: If,
        token: "if",
        offset: 0,
    },
    Token {
        kind: For,
        token: "for",
        offset: 3,
    },
    Token {
        kind: While,
        token: "while",
        offset: 7,
    },
    Token {
        kind: Return,
        token: "return",
        offset: 13,
    },
    Token {
        kind: Struct,
        token: "struct",
        offset: 20,
    },
    Token {
        kind: Enum,
        token: "enum",
        offset: 27,
    },
    Token {
        kind: Union,
        token: "union",
        offset: 32,
    },
    Token {
        kind: TagUnion,
        token: "tagunion",
        offset: 38,
    },
    Token {
        kind: Type,
        token: "type",
        offset: 47,
    },
    Token {
        kind: Eof,
        token: "",
        offset: 51,
    },
]
