---
source: src/lexer.rs
expression: result
snapshot_kind: text
---
[
    Token {
        kind: PlusEq,
        token: "+=",
        offset: 0,
    },
    Token {
        kind: PlusPlus,
        token: "++",
        offset: 3,
    },
    Token {
        kind: MinusEq,
        token: "-=",
        offset: 6,
    },
    Token {
        kind: MinusMinus,
        token: "--",
        offset: 9,
    },
    Token {
        kind: StarEq,
        token: "*=",
        offset: 12,
    },
    Token {
        kind: SlashEq,
        token: "/=",
        offset: 15,
    },
    Token {
        kind: EqEq,
        token: "==",
        offset: 18,
    },
    Token {
        kind: NotEq,
        token: "!=",
        offset: 21,
    },
    Token {
        kind: SmallerEq,
        token: "<=",
        offset: 24,
    },
    Token {
        kind: GreaterEq,
        token: ">=",
        offset: 27,
    },
    Token {
        kind: SmallerSmaller,
        token: "<<",
        offset: 30,
    },
    Token {
        kind: GreaterGreater,
        token: ">>",
        offset: 33,
    },
    Token {
        kind: Eof,
        token: "",
        offset: 35,
    },
]
